>>> aapl = pd.read_csv('aapl.csv', index_col='Date', parse_dates=True)  
>>> aapl.head(10) 
              Open    High     Low   Close    Volume  Adj Close
Date                                                           
2008-10-14  116.26  116.40  103.14  104.08  70749800     104.08
2008-10-13  104.55  110.53  101.02  110.26  54967000     110.26
2008-10-10   85.70  100.00   85.00   96.80  79260700      96.80
2008-10-09   93.35   95.80   86.60   88.74  57763700      88.74
2008-10-08   85.91   96.33   85.68   89.79  78847900      89.79
2008-10-07  100.48  101.50   88.95   89.16  67099000      89.16
2008-10-06   91.96   98.78   87.54   98.14  75264900      98.14
2008-10-03  104.00  106.50   94.65   97.07  81942800      97.07
2008-10-02  108.01  108.79  100.00  100.10  57477300     100.10
2008-10-01  111.92  112.36  107.39  109.12  46303000     109.12
>>> type(aapl) 
<class 'pandas.core.frame.DataFrame'>
>>> aapl.shape 
(6081, 6)
>>> aapl.columns
Index([u'Open', u'High', u'Low', u'Close', u'Volume', u'Adj Close'], dtype='object')
>>> type(aapl.columns) 
<class 'pandas.core.indexes.base.Index'>
>>> aapl.index
DatetimeIndex(['2008-10-14', '2008-10-13', '2008-10-10', '2008-10-09',
               '2008-10-08', '2008-10-07', '2008-10-06', '2008-10-03',
               '2008-10-02', '2008-10-01',
               ...
               '1984-09-20', '1984-09-19', '1984-09-18', '1984-09-17',
               '1984-09-14', '1984-09-13', '1984-09-12', '1984-09-11',
               '1984-09-10', '1984-09-07'],
              dtype='datetime64[ns]', name=u'Date', length=6081, freq=None)
>>> type(aapl.index) 
<class 'pandas.core.indexes.datetimes.DatetimeIndex'>
>>> aapl.iloc[:5,:] 
              Open    High     Low   Close    Volume  Adj Close
Date                                                           
2008-10-14  116.26  116.40  103.14  104.08  70749800     104.08
2008-10-13  104.55  110.53  101.02  110.26  54967000     110.26
2008-10-10   85.70  100.00   85.00   96.80  79260700      96.80
2008-10-09   93.35   95.80   86.60   88.74  57763700      88.74
2008-10-08   85.91   96.33   85.68   89.79  78847900      89.79
>>> aapl.iloc[:10,:] 
              Open    High     Low   Close    Volume  Adj Close
Date                                                           
2008-10-14  116.26  116.40  103.14  104.08  70749800     104.08
2008-10-13  104.55  110.53  101.02  110.26  54967000     110.26
2008-10-10   85.70  100.00   85.00   96.80  79260700      96.80
2008-10-09   93.35   95.80   86.60   88.74  57763700      88.74
2008-10-08   85.91   96.33   85.68   89.79  78847900      89.79
2008-10-07  100.48  101.50   88.95   89.16  67099000      89.16
2008-10-06   91.96   98.78   87.54   98.14  75264900      98.14
2008-10-03  104.00  106.50   94.65   97.07  81942800      97.07
2008-10-02  108.01  108.79  100.00  100.10  57477300     100.10
2008-10-01  111.92  112.36  107.39  109.12  46303000     109.12
>>> aapl.iloc[:-10,:] 
              Open    High     Low   Close    Volume  Adj Close
Date                                                           
2008-10-14  116.26  116.40  103.14  104.08  70749800     104.08
2008-10-13  104.55  110.53  101.02  110.26  54967000     110.26
2008-10-10   85.70  100.00   85.00   96.80  79260700      96.80
2008-10-09   93.35   95.80   86.60   88.74  57763700      88.74
2008-10-08   85.91   96.33   85.68   89.79  78847900      89.79
2008-10-07  100.48  101.50   88.95   89.16  67099000      89.16
2008-10-06   91.96   98.78   87.54   98.14  75264900      98.14
2008-10-03  104.00  106.50   94.65   97.07  81942800      97.07
2008-10-02  108.01  108.79  100.00  100.10  57477300     100.10
2008-10-01  111.92  112.36  107.39  109.12  46303000     109.12
2008-09-30  108.25  115.00  106.30  113.66  58095800     113.66
2008-09-29  119.62  119.68  100.59  105.26  93581400     105.26
2008-09-26  124.91  129.80  123.00  128.24  40208700     128.24
2008-09-25  129.80  134.79  128.52  131.93  35865600     131.93
2008-09-24  127.27  130.95  125.15  128.71  37393400     128.71
2008-09-23  131.85  135.80  126.66  126.84  45727300     126.84
2008-09-22  139.94  140.25  130.66  131.05  30577300     131.05
2008-09-19  142.60  144.20  136.31  140.91  51102700     140.91
2008-09-18  130.57  135.43  120.68  134.09  59819300     134.09
2008-09-17  138.49  138.51  127.83  127.83  42847200     127.83
2008-09-16  133.86  142.50  132.15  139.88  42804800     139.88
2008-09-15  142.03  147.69  140.36  140.36  32852600     140.36
2008-09-12  150.91  150.91  146.50  148.94  28322400     148.94
2008-09-11  148.18  152.99  146.00  152.65  34666800     152.65
2008-09-10  152.32  154.99  148.80  151.61  34755100     151.61
2008-09-09  156.86  159.96  149.79  151.68  44442500     151.68
2008-09-08  164.57  164.89  151.46  157.92  37356400     157.92
2008-09-05  158.59  162.40  157.65  160.18  28083800     160.18
2008-09-04  165.86  167.91  160.81  161.22  26549500     161.22
2008-09-03  166.84  168.68  164.00  166.96  26244100     166.96
...            ...     ...     ...     ...       ...        ...
1984-11-01   25.00   25.25   25.00   25.00   1680000       2.85
1984-10-31   25.00   25.25   24.87   24.87   2191200       2.84
1984-10-30   25.00   25.25   25.00   25.00   2677600       2.85
1984-10-29   24.75   24.87   24.75   24.75   1836000       2.82
1984-10-26   25.25   25.25   24.50   24.62   4113600       2.81
1984-10-25   26.25   26.25   25.25   25.25   5676000       2.88
1984-10-24   26.25   26.50   26.25   26.25   5989600       3.00
1984-10-23   26.00   26.25   26.00   26.00   6668800       2.97
1984-10-22   25.62   26.00   25.37   25.37   4108800       2.89
1984-10-19   25.62   27.37   25.50   25.62  11673600       2.92
1984-10-18   25.62   25.75   25.62   25.62   8842400       2.92
1984-10-17   24.87   25.00   24.87   24.87   5636000       2.84
1984-10-16   24.00   24.12   23.87   23.87   4246400       2.72
1984-10-15   24.00   24.25   24.00   24.00   8715200       2.74
1984-10-12   23.75   23.87   22.50   22.75   9522400       2.60
>>> aapl.tail() 
             Open   High    Low  Close   Volume  Adj Close
Date                                                      
1984-09-13  27.50  27.62  27.50  27.50  7429600       3.14
1984-09-12  26.87  27.00  26.12  26.12  4773600       2.98
1984-09-11  26.62  27.37  26.62  26.87  5444000       3.07
1984-09-10  26.50  26.62  25.87  26.37  2346400       3.01
1984-09-07  26.50  26.87  26.25  26.50  2981600       3.02
>>> aapl.tail(12) 
             Open   High    Low  Close   Volume  Adj Close
Date                                                      
1984-09-24  26.87  27.00  26.62  26.62  2833600       3.04
1984-09-21  27.12  27.87  26.50  26.87  3591200       3.07
1984-09-20  27.12  27.37  27.12  27.12  2387200       3.09
1984-09-19  27.62  27.87  27.00  27.00  3816000       3.08
1984-09-18  28.62  28.87  27.62  27.62  3495200       3.15
1984-09-17  28.62  29.00  28.62  28.62  6886400       3.27
1984-09-14  27.62  28.50  27.62  27.87  8826400       3.18
1984-09-13  27.50  27.62  27.50  27.50  7429600       3.14
1984-09-12  26.87  27.00  26.12  26.12  4773600       2.98
1984-09-11  26.62  27.37  26.62  26.87  5444000       3.07
1984-09-10  26.50  26.62  25.87  26.37  2346400       3.01
1984-09-07  26.50  26.87  26.25  26.50  2981600       3.02
>>> aapl.info() 
<class 'pandas.core.frame.DataFrame'>
DatetimeIndex: 6081 entries, 2008-10-14 to 1984-09-07
Data columns (total 6 columns):
Open         6081 non-null float64
High         6081 non-null float64
Low          6081 non-null float64
Close        6081 non-null float64
Volume       6081 non-null int64
Adj Close    6081 non-null float64
dtypes: float64(5), int64(1)
memory usage: 332.6 KB
>>> import numpy as np 
>>> aapl.iloc[::10, -1] = np.nan 
>>> aapl.head(15) 
              Open    High     Low   Close    Volume  Adj Close
Date                                                           
2008-10-14  116.26  116.40  103.14  104.08  70749800        NaN
2008-10-13  104.55  110.53  101.02  110.26  54967000     110.26
2008-10-10   85.70  100.00   85.00   96.80  79260700      96.80
2008-10-09   93.35   95.80   86.60   88.74  57763700      88.74
2008-10-08   85.91   96.33   85.68   89.79  78847900      89.79
2008-10-07  100.48  101.50   88.95   89.16  67099000      89.16
2008-10-06   91.96   98.78   87.54   98.14  75264900      98.14
2008-10-03  104.00  106.50   94.65   97.07  81942800      97.07
2008-10-02  108.01  108.79  100.00  100.10  57477300     100.10
2008-10-01  111.92  112.36  107.39  109.12  46303000     109.12
2008-09-30  108.25  115.00  106.30  113.66  58095800        NaN
2008-09-29  119.62  119.68  100.59  105.26  93581400     105.26
2008-09-26  124.91  129.80  123.00  128.24  40208700     128.24
2008-09-25  129.80  134.79  128.52  131.93  35865600     131.93
2008-09-24  127.27  130.95  125.15  128.71  37393400     128.71
low = aapl['Low'] 
>>> type(low) 
<class 'pandas.core.series.Series'>
>>> low.head() 
Date
2008-10-14    103.14
2008-10-13    101.02
2008-10-10     85.00
2008-10-09     86.60
2008-10-08     85.68
Name: Low, dtype: float64
>>> numpy.ndarray 
Traceback (most recent call last):
  File "<stdin>", line 1, in <module>
NameError: name 'numpy' is not defined
>>> import numpy
>>> numpy.ndarray 
<type 'numpy.ndarray'>

